// Jest Snapshot v1, https://goo.gl/fbAQLP

exports[`Test with snapshot test1 1`] = `55`;
